app/_layout.tsx(53,15): error TS2322: Type '"ios"' is not assignable to type 'StackAnimationTypes | undefined'.
node_modules/.pnpm/expo-asset@12.0.12_expo@54.0.33_react-native@0.81.5_@babel+core@7.29.0_@types+react@19.1.17_react@19.1.0__react@19.1.0/node_modules/expo-asset/src/Asset.fx.ts(1,53): error TS7016: Could not find a declaration file for module 'react-native/Libraries/Image/AssetSourceResolver'. 'D:/top projects/Taskodo/Taskodo/node_modules/.pnpm/react-native@0.81.5_@babel+core@7.29.0_@types+react@19.1.17_react@19.1.0/node_modules/react-native/Libraries/Image/AssetSourceResolver.js' implicitly has an 'any' type.
  If the 'react-native' package actually exposes this module, try adding a new declaration (.d.ts) file containing `declare module 'react-native/Libraries/Image/AssetSourceResolver';`
node_modules/.pnpm/expo-asset@12.0.12_expo@54.0.33_react-native@0.81.5_@babel+core@7.29.0_@types+react@19.1.17_react@19.1.0__react@19.1.0/node_modules/expo-asset/src/Asset.ts(1,30): error TS7016: Could not find a declaration file for module '@react-native/assets-registry/registry'. 'D:/top projects/Taskodo/Taskodo/node_modules/.pnpm/@react-native+assets-registry@0.81.5/node_modules/@react-native/assets-registry/registry.js' implicitly has an 'any' type.
  Try `npm i --save-dev @types/react-native__assets-registry` if it exists or add a new declaration (.d.ts) file containing `declare module '@react-native/assets-registry/registry';`
node_modules/.pnpm/expo-asset@12.0.12_expo@54.0.33_react-native@0.81.5_@babel+core@7.29.0_@types+react@19.1.17_react@19.1.0__react@19.1.0/node_modules/expo-asset/src/AssetSourceResolver.ts(1,36): error TS7016: Could not find a declaration file for module '@react-native/assets-registry/registry'. 'D:/top projects/Taskodo/Taskodo/node_modules/.pnpm/@react-native+assets-registry@0.81.5/node_modules/@react-native/assets-registry/registry.js' implicitly has an 'any' type.
  Try `npm i --save-dev @types/react-native__assets-registry` if it exists or add a new declaration (.d.ts) file containing `declare module '@react-native/assets-registry/registry';`
node_modules/.pnpm/expo-asset@12.0.12_expo@54.0.33_react-native@0.81.5_@babel+core@7.29.0_@types+react@19.1.17_react@19.1.0__react@19.1.0/node_modules/expo-asset/src/AssetSourceResolver.ts(31,3): error TS2578: Unused '@ts-expect-error' directive.
node_modules/.pnpm/expo-asset@12.0.12_expo@54.0.33_react-native@0.81.5_@babel+core@7.29.0_@types+react@19.1.17_react@19.1.0__react@19.1.0/node_modules/expo-asset/src/AssetSources.ts(1,36): error TS7016: Could not find a declaration file for module '@react-native/assets-registry/registry'. 'D:/top projects/Taskodo/Taskodo/node_modules/.pnpm/@react-native+assets-registry@0.81.5/node_modules/@react-native/assets-registry/registry.js' implicitly has an 'any' type.
  Try `npm i --save-dev @types/react-native__assets-registry` if it exists or add a new declaration (.d.ts) file containing `declare module '@react-native/assets-registry/registry';`
node_modules/.pnpm/expo-asset@12.0.12_expo@54.0.33_react-native@0.81.5_@babel+core@7.29.0_@types+react@19.1.17_react@19.1.0__react@19.1.0/node_modules/expo-asset/src/AssetSources.ts(33,40): error TS7006: Parameter 's' implicitly has an 'any' type.
node_modules/.pnpm/expo-asset@12.0.12_expo@54.0.33_react-native@0.81.5_@babel+core@7.29.0_@types+react@19.1.17_react@19.1.0__react@19.1.0/node_modules/expo-asset/src/resolveAssetSource.ts(1,30): error TS7016: Could not find a declaration file for module '@react-native/assets-registry/registry'. 'D:/top projects/Taskodo/Taskodo/node_modules/.pnpm/@react-native+assets-registry@0.81.5/node_modules/@react-native/assets-registry/registry.js' implicitly has an 'any' type.
  Try `npm i --save-dev @types/react-native__assets-registry` if it exists or add a new declaration (.d.ts) file containing `declare module '@react-native/assets-registry/registry';`
node_modules/.pnpm/expo-modules-core@3.0.29_react-native@0.81.5_@babel+core@7.29.0_@types+react@19.1.17_react@19.1.0__react@19.1.0/node_modules/expo-modules-core/src/LegacyEventEmitter.ts(1,23): error TS7016: Could not find a declaration file for module 'invariant'. 'D:/top projects/Taskodo/Taskodo/node_modules/.pnpm/invariant@2.2.4/node_modules/invariant/invariant.js' implicitly has an 'any' type.
  Try `npm i --save-dev @types/invariant` if it exists or add a new declaration (.d.ts) file containing `declare module 'invariant';`
